// Jest Snapshot v1, https://goo.gl/fbAQLP

exports[`should render header correctly 1`] = `
<header>
  <h1>
    Expensify Web-App
  </h1>
  <NavLink
    activeClassName="is_active link"
    ariaCurrent="true"
    exact={true}
    to="/"
  >
    Dashboard
  </NavLink>
  <NavLink
    activeClassName="is_active link"
    ariaCurrent="true"
    to="/create"
  >
    Create Expense
  </NavLink>
  <button
    onClick={[Function]}
  >
    Logout
  </button>
</header>
`;
