// Jest Snapshot v1, https://goo.gl/fbAQLP

exports[`should render NotFoundPage correctly 1`] = `
<div>
  ⚠️ 404 Page Not Found... 
  <Link
    className="link"
    replace={false}
    to="/"
  >
    Go Home
  </Link>
</div>
`;
